Component: ARM Compiler 5.05 update 2 (build 169) Tool: armlink [4d0f33]

==============================================================================

Section Cross References

    lpc2300.o(STACK) refers (Special) to heapauxi.o(.text) for __use_two_region_memory
    lpc2300.o(HEAP) refers (Special) to heapauxi.o(.text) for __use_two_region_memory
    lpc2300.o(RESET) refers (Special) to heapauxi.o(.text) for __use_two_region_memory
    lpc2300.o(RESET) refers to lpc2300.o(STACK) for Stack_Top
    lpc2300.o(RESET) refers to __main.o(!!!main) for __main
    lpc2300.o(.text) refers (Special) to heapauxi.o(.text) for __use_two_region_memory
    lpc2300.o(.text) refers to lpc2300.o(HEAP) for Heap_Mem
    lpc2300.o(.text) refers to lpc2300.o(STACK) for Stack_Mem
    mcb2300 evaluationboard.o(i.initEvaluationBoard) refers to lcd_4bit.o(i.lcd_init) for lcd_init
    mcb2300 evaluationboard.o(i.initEvaluationBoard) refers to lcd_4bit.o(i.lcd_clear) for lcd_clear
    main.o(i.T0_ISR) refers to main.o(.data) for current
    main.o(i.init_T0) refers to main.o(i.T0_ISR) for T0_ISR
    main.o(i.main) refers to main.o(i.init_T0) for init_T0
    main.o(i.main) refers to mcb2300 evaluationboard.o(i.initEvaluationBoard) for initEvaluationBoard
    main.o(i.main) refers to main.o(i.update_currentT) for update_currentT
    main.o(i.update_currentT) refers to _printf_pad.o(.text) for _printf_pre_padding
    main.o(i.update_currentT) refers to _printf_percent.o(.ARM.Collect$$_printf_percent$$00000000) for _printf_percent
    main.o(i.update_currentT) refers to _printf_d.o(.ARM.Collect$$_printf_percent$$00000009) for _printf_d
    main.o(i.update_currentT) refers to _printf_dec.o(.text) for _printf_int_dec
    main.o(i.update_currentT) refers to lcd_4bit.o(i.set_cursor) for set_cursor
    main.o(i.update_currentT) refers to noretval__2sprintf.o(.text) for __2sprintf
    main.o(i.update_currentT) refers to lcd_4bit.o(i.lcd_print) for lcd_print
    main.o(i.update_currentT) refers to main.o(.data) for current
    main.o(i.update_currentT) refers to main.o(.bss) for textbuf
    lcd_4bit.o(i.lcd_clear) refers to lcd_4bit.o(i.lcd_write_cmd) for lcd_write_cmd
    lcd_4bit.o(i.lcd_clear) refers to lcd_4bit.o(i.set_cursor) for set_cursor
    lcd_4bit.o(i.lcd_init) refers to lcd_4bit.o(i.delay) for delay
    lcd_4bit.o(i.lcd_init) refers to lcd_4bit.o(i.lcd_write_4bit) for lcd_write_4bit
    lcd_4bit.o(i.lcd_init) refers to lcd_4bit.o(i.lcd_write_cmd) for lcd_write_cmd
    lcd_4bit.o(i.lcd_init) refers to lcd_4bit.o(i.lcd_putchar) for lcd_putchar
    lcd_4bit.o(i.lcd_init) refers to lcd_4bit.o(i.lcd_clear) for lcd_clear
    lcd_4bit.o(i.lcd_init) refers to lcd_4bit.o(.constdata) for UserFont
    lcd_4bit.o(i.lcd_print) refers to lcd_4bit.o(i.lcd_putchar) for lcd_putchar
    lcd_4bit.o(i.lcd_putchar) refers to lcd_4bit.o(i.wait_while_busy) for wait_while_busy
    lcd_4bit.o(i.lcd_putchar) refers to lcd_4bit.o(i.lcd_write_4bit) for lcd_write_4bit
    lcd_4bit.o(i.lcd_read_status) refers to lcd_4bit.o(i.delay) for delay
    lcd_4bit.o(i.lcd_write_4bit) refers to lcd_4bit.o(i.delay) for delay
    lcd_4bit.o(i.lcd_write_cmd) refers to lcd_4bit.o(i.wait_while_busy) for wait_while_busy
    lcd_4bit.o(i.lcd_write_cmd) refers to lcd_4bit.o(i.lcd_write_4bit) for lcd_write_4bit
    lcd_4bit.o(i.set_cursor) refers to lcd_4bit.o(i.lcd_write_cmd) for lcd_write_cmd
    lcd_4bit.o(i.wait_while_busy) refers to lcd_4bit.o(i.lcd_read_status) for lcd_read_status
    __2sprintf.o(.text) refers to _printf_char_common.o(.text) for _printf_char_common
    __2sprintf.o(.text) refers to _sputc.o(.text) for _sputc
    noretval__2sprintf.o(.text) refers to _printf_char_common.o(.text) for _printf_char_common
    noretval__2sprintf.o(.text) refers to _sputc.o(.text) for _sputc
    __printf.o(.text) refers to __printf.o(i.__ARM_common_call_via_r1) for __ARM_common_call_via_r1
    __printf.o(.text) refers to _printf_percent.o(.ARM.Collect$$_printf_percent$$00000000) for _printf_percent
    __printf.o(.text) refers to __printf.o(i.__ARM_common_call_via_r2) for __ARM_common_call_via_r2
    _printf_pad.o(.text) refers to __printf.o(i.__ARM_common_call_via_r2) for __ARM_common_call_via_r2
    _printf_dec.o(.text) refers to rtudiv10.o(.text) for __rt_udiv10
    _printf_dec.o(.text) refers to _printf_intcommon.o(.text) for _printf_int_common
    __printf_flags.o(.text) refers to __printf.o(i.__ARM_common_call_via_r1) for __ARM_common_call_via_r1
    __printf_flags.o(.text) refers to _printf_percent.o(.ARM.Collect$$_printf_percent$$00000000) for _printf_percent
    __printf_flags.o(.text) refers to __printf.o(i.__ARM_common_call_via_r2) for __ARM_common_call_via_r2
    __printf_flags.o(.text) refers to __printf_flags.o(.constdata) for .constdata
    __printf_ss.o(.text) refers to __printf.o(i.__ARM_common_call_via_r1) for __ARM_common_call_via_r1
    __printf_ss.o(.text) refers to _printf_percent.o(.ARM.Collect$$_printf_percent$$00000000) for _printf_percent
    __printf_ss.o(.text) refers to __printf.o(i.__ARM_common_call_via_r2) for __ARM_common_call_via_r2
    __printf_flags_ss.o(.text) refers to __printf.o(i.__ARM_common_call_via_r1) for __ARM_common_call_via_r1
    __printf_flags_ss.o(.text) refers to _printf_percent.o(.ARM.Collect$$_printf_percent$$00000000) for _printf_percent
    __printf_flags_ss.o(.text) refers to __printf.o(i.__ARM_common_call_via_r2) for __ARM_common_call_via_r2
    __printf_flags_ss.o(.text) refers to __printf_flags_ss.o(.constdata) for .constdata
    __printf_wp.o(.text) refers to __printf.o(i.__ARM_common_call_via_r1) for __ARM_common_call_via_r1
    __printf_wp.o(.text) refers to __printf_wp.o(i._is_digit) for _is_digit
    __printf_wp.o(.text) refers to _printf_percent.o(.ARM.Collect$$_printf_percent$$00000000) for _printf_percent
    __printf_wp.o(.text) refers to __printf.o(i.__ARM_common_call_via_r2) for __ARM_common_call_via_r2
    __printf_flags_wp.o(.text) refers to __printf.o(i.__ARM_common_call_via_r1) for __ARM_common_call_via_r1
    __printf_flags_wp.o(.text) refers to __printf_wp.o(i._is_digit) for _is_digit
    __printf_flags_wp.o(.text) refers to _printf_percent.o(.ARM.Collect$$_printf_percent$$00000000) for _printf_percent
    __printf_flags_wp.o(.text) refers to __printf.o(i.__ARM_common_call_via_r2) for __ARM_common_call_via_r2
    __printf_flags_wp.o(.text) refers to __printf_flags_wp.o(.constdata) for .constdata
    __printf_ss_wp.o(.text) refers to __printf.o(i.__ARM_common_call_via_r1) for __ARM_common_call_via_r1
    __printf_ss_wp.o(.text) refers to __printf_wp.o(i._is_digit) for _is_digit
    __printf_ss_wp.o(.text) refers to _printf_percent.o(.ARM.Collect$$_printf_percent$$00000000) for _printf_percent
    __printf_ss_wp.o(.text) refers to __printf.o(i.__ARM_common_call_via_r2) for __ARM_common_call_via_r2
    __printf_flags_ss_wp.o(.text) refers to __printf.o(i.__ARM_common_call_via_r1) for __ARM_common_call_via_r1
    __printf_flags_ss_wp.o(.text) refers to __printf_wp.o(i._is_digit) for _is_digit
    __printf_flags_ss_wp.o(.text) refers to _printf_percent.o(.ARM.Collect$$_printf_percent$$00000000) for _printf_percent
    __printf_flags_ss_wp.o(.text) refers to __printf.o(i.__ARM_common_call_via_r2) for __ARM_common_call_via_r2
    __printf_flags_ss_wp.o(.text) refers to __printf_flags_ss_wp.o(.constdata) for .constdata
    _printf_d.o(.ARM.Collect$$_printf_percent$$00000009) refers (Weak) to _printf_dec.o(.text) for _printf_int_dec
    _printf_percent.o(.ARM.Collect$$_printf_percent$$00000000) refers (Special) to _printf_percent_end.o(.ARM.Collect$$_printf_percent$$00000017) for _printf_percent_end
    __main.o(!!!main) refers to __rtentry.o(.ARM.Collect$$rtentry$$00000000) for __rt_entry
    __rtentry.o(.ARM.Collect$$rtentry$$00000000) refers (Special) to __rtentry2.o(.ARM.Collect$$rtentry$$0000000A) for __rt_entry_li
    __rtentry.o(.ARM.Collect$$rtentry$$00000000) refers (Special) to __rtentry2.o(.ARM.Collect$$rtentry$$0000000D) for __rt_entry_main
    __rtentry.o(.ARM.Collect$$rtentry$$00000000) refers (Special) to __rtentry2.o(.ARM.Collect$$rtentry$$0000000C) for __rt_entry_postli_1
    __rtentry.o(.ARM.Collect$$rtentry$$00000000) refers (Special) to __rtentry2.o(.ARM.Collect$$rtentry$$00000009) for __rt_entry_postsh_1
    __rtentry.o(.ARM.Collect$$rtentry$$00000000) refers (Special) to __rtentry2.o(.ARM.Collect$$rtentry$$00000002) for __rt_entry_presh_1
    __rtentry.o(.ARM.Collect$$rtentry$$00000000) refers (Special) to __rtentry4.o(.ARM.Collect$$rtentry$$00000004) for __rt_entry_sh
    _printf_intcommon.o(.text) refers (Weak) to _printf_pad.o(.text) for _printf_pre_padding
    _printf_intcommon.o(.text) refers to __printf.o(i.__ARM_common_call_via_r2) for __ARM_common_call_via_r2
    _printf_intcommon.o(.text) refers (Weak) to _printf_pad.o(.text) for _printf_pre_padding
    _printf_intcommon.o(.text) refers (Weak) to _printf_pad.o(.text) for _printf_post_padding
    _printf_char_common.o(.text) refers to __printf_flags_wp.o(.text) for __printf
    __rtentry2.o(.ARM.Collect$$rtentry$$00000008) refers to boardinit2.o(.text) for _platform_post_stackheap_init
    __rtentry2.o(.ARM.Collect$$rtentry$$0000000A) refers to libinit.o(.ARM.Collect$$libinit$$00000000) for __rt_lib_init
    __rtentry2.o(.ARM.Collect$$rtentry$$0000000B) refers to boardinit3.o(.text) for _platform_post_lib_init
    __rtentry2.o(.ARM.Collect$$rtentry$$0000000D) refers to exit.o(.text) for exit
    __rtentry2.o(.ARM.Collect$$rtentry$$0000000D) refers to main.o(i.main) for main
    __rtentry2.o(.ARM.exidx) refers to __rtentry2.o(.ARM.Collect$$rtentry$$00000001) for .ARM.Collect$$rtentry$$00000001
    __rtentry2.o(.ARM.exidx) refers to __rtentry2.o(.ARM.Collect$$rtentry$$00000008) for .ARM.Collect$$rtentry$$00000008
    __rtentry2.o(.ARM.exidx) refers to __rtentry2.o(.ARM.Collect$$rtentry$$0000000A) for .ARM.Collect$$rtentry$$0000000A
    __rtentry2.o(.ARM.exidx) refers to __rtentry2.o(.ARM.Collect$$rtentry$$0000000B) for .ARM.Collect$$rtentry$$0000000B
    __rtentry2.o(.ARM.exidx) refers to __rtentry2.o(.ARM.Collect$$rtentry$$0000000D) for .ARM.Collect$$rtentry$$0000000D
    __rtentry4.o(.ARM.Collect$$rtentry$$00000004) refers to sys_stackheap_outer.o(.text) for __user_setup_stackheap
    __rtentry4.o(.ARM.exidx) refers to __rtentry4.o(.ARM.Collect$$rtentry$$00000004) for .ARM.Collect$$rtentry$$00000004
    __printf_nopercent.o(.text) refers to __printf_nopercent.o(i.__ARM_common_call_via_r7) for __ARM_common_call_via_r7
    __printf_nopercent.o(.text) refers to __printf_nopercent.o(i.__ARM_common_call_via_r5) for __ARM_common_call_via_r5
    sys_stackheap_outer.o(.text) refers to libspace.o(.text) for __user_perproc_libspace
    sys_stackheap_outer.o(.text) refers to lpc2300.o(.text) for __user_initial_stackheap
    exit.o(.text) refers to rtexit.o(.ARM.Collect$$rtexit$$00000000) for __rt_exit
    libinit.o(.ARM.Collect$$libinit$$00000000) refers (Special) to libinit2.o(.ARM.Collect$$libinit$$0000002E) for __rt_lib_init_alloca_1
    libinit.o(.ARM.Collect$$libinit$$00000000) refers (Special) to libinit2.o(.ARM.Collect$$libinit$$0000002C) for __rt_lib_init_argv_1
    libinit.o(.ARM.Collect$$libinit$$00000000) refers (Special) to libinit2.o(.ARM.Collect$$libinit$$0000001B) for __rt_lib_init_atexit_1
    libinit.o(.ARM.Collect$$libinit$$00000000) refers (Special) to libinit2.o(.ARM.Collect$$libinit$$00000021) for __rt_lib_init_clock_1
    libinit.o(.ARM.Collect$$libinit$$00000000) refers (Special) to libinit2.o(.ARM.Collect$$libinit$$00000032) for __rt_lib_init_cpp_1
    libinit.o(.ARM.Collect$$libinit$$00000000) refers (Special) to libinit2.o(.ARM.Collect$$libinit$$00000030) for __rt_lib_init_exceptions_1
    libinit.o(.ARM.Collect$$libinit$$00000000) refers (Special) to libinit2.o(.ARM.Collect$$libinit$$00000002) for __rt_lib_init_fp_1
    libinit.o(.ARM.Collect$$libinit$$00000000) refers (Special) to libinit2.o(.ARM.Collect$$libinit$$0000001F) for __rt_lib_init_fp_trap_1
    libinit.o(.ARM.Collect$$libinit$$00000000) refers (Special) to libinit2.o(.ARM.Collect$$libinit$$00000023) for __rt_lib_init_getenv_1
    libinit.o(.ARM.Collect$$libinit$$00000000) refers (Special) to libinit2.o(.ARM.Collect$$libinit$$0000000A) for __rt_lib_init_heap_1
    libinit.o(.ARM.Collect$$libinit$$00000000) refers (Special) to libinit2.o(.ARM.Collect$$libinit$$00000011) for __rt_lib_init_lc_collate_1
    libinit.o(.ARM.Collect$$libinit$$00000000) refers (Special) to libinit2.o(.ARM.Collect$$libinit$$00000013) for __rt_lib_init_lc_ctype_1
    libinit.o(.ARM.Collect$$libinit$$00000000) refers (Special) to libinit2.o(.ARM.Collect$$libinit$$00000015) for __rt_lib_init_lc_monetary_1
    libinit.o(.ARM.Collect$$libinit$$00000000) refers (Special) to libinit2.o(.ARM.Collect$$libinit$$00000017) for __rt_lib_init_lc_numeric_1
    libinit.o(.ARM.Collect$$libinit$$00000000) refers (Special) to libinit2.o(.ARM.Collect$$libinit$$00000019) for __rt_lib_init_lc_time_1
    libinit.o(.ARM.Collect$$libinit$$00000000) refers (Special) to libinit2.o(.ARM.Collect$$libinit$$00000004) for __rt_lib_init_preinit_1
    libinit.o(.ARM.Collect$$libinit$$00000000) refers (Special) to libinit2.o(.ARM.Collect$$libinit$$0000000E) for __rt_lib_init_rand_1
    libinit.o(.ARM.Collect$$libinit$$00000000) refers (Special) to libinit2.o(.ARM.Collect$$libinit$$00000033) for __rt_lib_init_return
    libinit.o(.ARM.Collect$$libinit$$00000000) refers (Special) to libinit2.o(.ARM.Collect$$libinit$$0000001D) for __rt_lib_init_signal_1
    libinit.o(.ARM.Collect$$libinit$$00000000) refers (Special) to libinit2.o(.ARM.Collect$$libinit$$00000025) for __rt_lib_init_stdio_1
    libinit.o(.ARM.Collect$$libinit$$00000000) refers (Special) to libinit2.o(.ARM.Collect$$libinit$$0000000C) for __rt_lib_init_user_alloc_1
    libspace.o(.text) refers to libspace.o(.bss) for __libspace_start
    rtexit.o(.ARM.Collect$$rtexit$$00000000) refers (Special) to rtexit2.o(.ARM.Collect$$rtexit$$00000004) for __rt_exit_exit
    rtexit.o(.ARM.Collect$$rtexit$$00000000) refers (Special) to rtexit2.o(.ARM.Collect$$rtexit$$00000003) for __rt_exit_ls
    rtexit.o(.ARM.Collect$$rtexit$$00000000) refers (Special) to rtexit2.o(.ARM.Collect$$rtexit$$00000002) for __rt_exit_prels_1
    rtexit.o(.ARM.exidx) refers (Special) to rtexit2.o(.ARM.Collect$$rtexit$$00000004) for __rt_exit_exit
    rtexit.o(.ARM.exidx) refers (Special) to rtexit2.o(.ARM.Collect$$rtexit$$00000003) for __rt_exit_ls
    rtexit.o(.ARM.exidx) refers (Special) to rtexit2.o(.ARM.Collect$$rtexit$$00000002) for __rt_exit_prels_1
    rtexit.o(.ARM.exidx) refers to rtexit.o(.ARM.Collect$$rtexit$$00000000) for .ARM.Collect$$rtexit$$00000000
    libinit2.o(.ARM.Collect$$libinit$$00000001) refers to fpinit.o(x$fpl$fpinit) for _fp_init
    libinit2.o(.ARM.Collect$$libinit$$00000010) refers to libinit2.o(.ARM.Collect$$libinit$$0000000F) for .ARM.Collect$$libinit$$0000000F
    libinit2.o(.ARM.Collect$$libinit$$00000012) refers to libinit2.o(.ARM.Collect$$libinit$$0000000F) for .ARM.Collect$$libinit$$0000000F
    libinit2.o(.ARM.Collect$$libinit$$00000014) refers to libinit2.o(.ARM.Collect$$libinit$$0000000F) for .ARM.Collect$$libinit$$0000000F
    libinit2.o(.ARM.Collect$$libinit$$00000016) refers to libinit2.o(.ARM.Collect$$libinit$$0000000F) for .ARM.Collect$$libinit$$0000000F
    libinit2.o(.ARM.Collect$$libinit$$00000018) refers to libinit2.o(.ARM.Collect$$libinit$$0000000F) for .ARM.Collect$$libinit$$0000000F
    libinit2.o(.ARM.Collect$$libinit$$00000026) refers to argv_veneer.o(.emb_text) for __ARM_argv_veneer
    libinit2.o(.ARM.Collect$$libinit$$00000027) refers to argv_veneer.o(.emb_text) for __ARM_argv_veneer
    rtexit2.o(.ARM.Collect$$rtexit$$00000003) refers to libshutdown.o(.ARM.Collect$$libshutdown$$00000000) for __rt_lib_shutdown
    rtexit2.o(.ARM.Collect$$rtexit$$00000004) refers to sys_exit.o(.text) for _sys_exit
    rtexit2.o(.ARM.exidx) refers to rtexit2.o(.ARM.Collect$$rtexit$$00000001) for .ARM.Collect$$rtexit$$00000001
    rtexit2.o(.ARM.exidx) refers to rtexit2.o(.ARM.Collect$$rtexit$$00000003) for .ARM.Collect$$rtexit$$00000003
    rtexit2.o(.ARM.exidx) refers to rtexit2.o(.ARM.Collect$$rtexit$$00000004) for .ARM.Collect$$rtexit$$00000004
    argv_veneer.o(.emb_text) refers to no_argv.o(.text) for __ARM_get_argv
    sys_exit.o(.text) refers (Special) to use_no_semi.o(.text) for __I$use$semihosting
    sys_exit.o(.text) refers (Special) to indicate_semi.o(.text) for __semihosting_library_function
    _get_argv_nomalloc.o(.text) refers (Special) to hrguard.o(.text) for __heap_region$guard
    _get_argv_nomalloc.o(.text) refers to defsig_rtmem_outer.o(.text) for __rt_SIGRTMEM
    _get_argv_nomalloc.o(.text) refers to sys_command.o(.text) for _sys_command_string
    libshutdown.o(.ARM.Collect$$libshutdown$$00000000) refers (Special) to libshutdown2.o(.ARM.Collect$$libshutdown$$00000006) for __rt_lib_shutdown_fp_trap_1
    libshutdown.o(.ARM.Collect$$libshutdown$$00000000) refers (Special) to libshutdown2.o(.ARM.Collect$$libshutdown$$0000000E) for __rt_lib_shutdown_heap_1
    libshutdown.o(.ARM.Collect$$libshutdown$$00000000) refers (Special) to libshutdown2.o(.ARM.Collect$$libshutdown$$0000000F) for __rt_lib_shutdown_return
    libshutdown.o(.ARM.Collect$$libshutdown$$00000000) refers (Special) to libshutdown2.o(.ARM.Collect$$libshutdown$$00000009) for __rt_lib_shutdown_signal_1
    libshutdown.o(.ARM.Collect$$libshutdown$$00000000) refers (Special) to libshutdown2.o(.ARM.Collect$$libshutdown$$00000003) for __rt_lib_shutdown_stdio_1
    libshutdown.o(.ARM.Collect$$libshutdown$$00000000) refers (Special) to libshutdown2.o(.ARM.Collect$$libshutdown$$0000000B) for __rt_lib_shutdown_user_alloc_1
    sys_command.o(.text) refers (Special) to use_no_semi.o(.text) for __I$use$semihosting
    sys_command.o(.text) refers (Special) to indicate_semi.o(.text) for __semihosting_library_function
    defsig_rtmem_outer.o(.text) refers to defsig_rtmem_inner.o(.text) for __rt_SIGRTMEM_inner
    defsig_rtmem_outer.o(.text) refers to defsig_exit.o(.text) for __sig_exit
    defsig_rtmem_formal.o(.text) refers to rt_raise.o(.text) for __rt_raise
    rt_raise.o(.text) refers to __raise.o(.text) for __raise
    rt_raise.o(.text) refers to sys_exit.o(.text) for _sys_exit
    defsig_exit.o(.text) refers to sys_exit.o(.text) for _sys_exit
    defsig_rtmem_inner.o(.text) refers to defsig_general.o(.text) for __default_signal_display
    __raise.o(.text) refers to __printf.o(i.__ARM_common_call_via_r2) for __ARM_common_call_via_r2
    __raise.o(.text) refers to defsig.o(CL$$defsig) for __default_signal_handler
    defsig_general.o(.text) refers to sys_wrch.o(.text) for _ttywrch
    sys_wrch.o(.text) refers (Special) to use_no_semi.o(.text) for __I$use$semihosting
    sys_wrch.o(.text) refers (Special) to indicate_semi.o(.text) for __semihosting_library_function
    defsig.o(CL$$defsig) refers to defsig_rtmem_inner.o(.text) for __rt_SIGRTMEM_inner
    defsig_abrt_inner.o(.text) refers to defsig_general.o(.text) for __default_signal_display
    defsig_fpe_inner.o(.text) refers to defsig_general.o(.text) for __default_signal_display
    defsig_rtred_inner.o(.text) refers to defsig_general.o(.text) for __default_signal_display
    defsig_stak_inner.o(.text) refers to defsig_general.o(.text) for __default_signal_display
    defsig_pvfn_inner.o(.text) refers to defsig_general.o(.text) for __default_signal_display
    defsig_cppl_inner.o(.text) refers to defsig_general.o(.text) for __default_signal_display
    defsig_segv_inner.o(.text) refers to defsig_general.o(.text) for __default_signal_display
    defsig_other.o(.text) refers to defsig_general.o(.text) for __default_signal_display


==============================================================================

Adding Veneers to the image

    Adding TA veneer (4 bytes, Inline) for call to '_printf_percent' from __printf_flags_wp.o(.text).
    Adding AT veneer (8 bytes, Inline) for call to '__rt_lib_init' from __rtentry2.o(.ARM.Collect$$rtentry$$0000000A).
    Adding AT veneer (8 bytes, Inline) for call to '__rt_lib_shutdown' from rtexit2.o(.ARM.Collect$$rtexit$$00000003).
    Adding TA veneer (4 bytes, Inline) for call to '__rt_exit' from exit.o(.text).
    Adding AT veneer (8 bytes, Inline) for call to '__2sprintf' from main.o(i.update_currentT).
    Adding AT veneer (8 bytes, Inline) for call to '_printf_int_dec' from _printf_d.o(.ARM.Collect$$_printf_percent$$00000009).
    Adding TA veneer (4 bytes, Inline) for call to '__rt_udiv10' from _printf_dec.o(.text).
    Adding AT veneer (8 bytes, Inline) for call to '_sys_exit' from rtexit2.o(.ARM.Collect$$rtexit$$00000004).

8 Veneer(s) (total 52 bytes) added to the image.

==============================================================================

Image Symbol Table

    Local Symbols

    Symbol Name                              Value     Ov Type        Size  Object(Section)

    RESET                                    0x00000000   Section      564  lpc2300.o(RESET)
    ../clib/angel/boardlib.s                 0x00000000   Number         0  boardinit1.o ABSOLUTE
    ../clib/angel/boardlib.s                 0x00000000   Number         0  boardinit3.o ABSOLUTE
    ../clib/angel/boardlib.s                 0x00000000   Number         0  boardinit2.o ABSOLUTE
    ../clib/angel/boardlib.s                 0x00000000   Number         0  boardshut.o ABSOLUTE
    ../clib/angel/handlers.s                 0x00000000   Number         0  __scatter_zi.o ABSOLUTE
    ../clib/angel/handlers.s                 0x00000000   Number         0  __scatter_copy.o ABSOLUTE
    ../clib/angel/kernel.s                   0x00000000   Number         0  rtexit2.o ABSOLUTE
    ../clib/angel/kernel.s                   0x00000000   Number         0  __rtentry4.o ABSOLUTE
    ../clib/angel/kernel.s                   0x00000000   Number         0  __rtentry2.o ABSOLUTE
    ../clib/angel/kernel.s                   0x00000000   Number         0  __rtentry.o ABSOLUTE
    ../clib/angel/kernel.s                   0x00000000   Number         0  rtexit.o ABSOLUTE
    ../clib/angel/rt.s                       0x00000000   Number         0  rt_raise.o ABSOLUTE
    ../clib/angel/scatter.s                  0x00000000   Number         0  __scatter.o ABSOLUTE
    ../clib/angel/startup.s                  0x00000000   Number         0  __main.o ABSOLUTE
    ../clib/angel/sys.s                      0x00000000   Number         0  sys_stackheap_outer.o ABSOLUTE
    ../clib/angel/sys.s                      0x00000000   Number         0  use_no_semi.o ABSOLUTE
    ../clib/angel/sys.s                      0x00000000   Number         0  indicate_semi.o ABSOLUTE
    ../clib/angel/sys.s                      0x00000000   Number         0  libspace.o ABSOLUTE
    ../clib/angel/sysapp.c                   0x00000000   Number         0  sys_exit.o ABSOLUTE
    ../clib/angel/sysapp.c                   0x00000000   Number         0  sys_command.o ABSOLUTE
    ../clib/angel/sysapp.c                   0x00000000   Number         0  sys_wrch.o ABSOLUTE
    ../clib/armsys.c                         0x00000000   Number         0  argv_veneer.o ABSOLUTE
    ../clib/armsys.c                         0x00000000   Number         0  argv_veneer.o ABSOLUTE
    ../clib/armsys.c                         0x00000000   Number         0  _get_argv_nomalloc.o ABSOLUTE
    ../clib/armsys.c                         0x00000000   Number         0  no_argv.o ABSOLUTE
    ../clib/division.s                       0x00000000   Number         0  rtudiv10.o ABSOLUTE
    ../clib/heapalloc.c                      0x00000000   Number         0  hrguard.o ABSOLUTE
    ../clib/heapaux.c                        0x00000000   Number         0  heapauxi.o ABSOLUTE
    ../clib/libinit.s                        0x00000000   Number         0  libshutdown2.o ABSOLUTE
    ../clib/libinit.s                        0x00000000   Number         0  libinit2.o ABSOLUTE
    ../clib/libinit.s                        0x00000000   Number         0  libinit.o ABSOLUTE
    ../clib/libinit.s                        0x00000000   Number         0  libshutdown.o ABSOLUTE
    ../clib/misc.s                           0x00000000   Number         0  printf_stubs.o ABSOLUTE
    ../clib/printf.c                         0x00000000   Number         0  __printf_flags_ss_wp.o ABSOLUTE
    ../clib/printf.c                         0x00000000   Number         0  _printf_intcommon.o ABSOLUTE
    ../clib/printf.c                         0x00000000   Number         0  __printf_nopercent.o ABSOLUTE
    ../clib/printf.c                         0x00000000   Number         0  _sputc.o ABSOLUTE
    ../clib/printf.c                         0x00000000   Number         0  __printf_wp.o ABSOLUTE
    ../clib/printf.c                         0x00000000   Number         0  __printf.o ABSOLUTE
    ../clib/printf.c                         0x00000000   Number         0  __2sprintf.o ABSOLUTE
    ../clib/printf.c                         0x00000000   Number         0  noretval__2sprintf.o ABSOLUTE
    ../clib/printf.c                         0x00000000   Number         0  _printf_char_common.o ABSOLUTE
    ../clib/printf.c                         0x00000000   Number         0  _printf_pad.o ABSOLUTE
    ../clib/printf.c                         0x00000000   Number         0  _printf_dec.o ABSOLUTE
    ../clib/printf.c                         0x00000000   Number         0  __printf_flags.o ABSOLUTE
    ../clib/printf.c                         0x00000000   Number         0  __printf_ss.o ABSOLUTE
    ../clib/printf.c                         0x00000000   Number         0  __printf_flags_ss.o ABSOLUTE
    ../clib/printf.c                         0x00000000   Number         0  __printf_flags_wp.o ABSOLUTE
    ../clib/printf.c                         0x00000000   Number         0  __printf_ss_wp.o ABSOLUTE
    ../clib/printf_percent.s                 0x00000000   Number         0  _printf_d.o ABSOLUTE
    ../clib/printf_percent.s                 0x00000000   Number         0  _printf_percent.o ABSOLUTE
    ../clib/printf_percent.s                 0x00000000   Number         0  _printf_percent_end.o ABSOLUTE
    ../clib/signal.c                         0x00000000   Number         0  defsig_segv_inner.o ABSOLUTE
    ../clib/signal.c                         0x00000000   Number         0  defsig_other.o ABSOLUTE
    ../clib/signal.c                         0x00000000   Number         0  defsig_rtmem_inner.o ABSOLUTE
    ../clib/signal.c                         0x00000000   Number         0  defsig_exit.o ABSOLUTE
    ../clib/signal.c                         0x00000000   Number         0  defsig_general.o ABSOLUTE
    ../clib/signal.c                         0x00000000   Number         0  defsig_abrt_inner.o ABSOLUTE
    ../clib/signal.c                         0x00000000   Number         0  defsig_rtmem_outer.o ABSOLUTE
    ../clib/signal.c                         0x00000000   Number         0  defsig_rtmem_formal.o ABSOLUTE
    ../clib/signal.c                         0x00000000   Number         0  defsig_fpe_inner.o ABSOLUTE
    ../clib/signal.c                         0x00000000   Number         0  defsig_rtred_inner.o ABSOLUTE
    ../clib/signal.c                         0x00000000   Number         0  defsig_stak_inner.o ABSOLUTE
    ../clib/signal.c                         0x00000000   Number         0  defsig_pvfn_inner.o ABSOLUTE
    ../clib/signal.c                         0x00000000   Number         0  defsig_cppl_inner.o ABSOLUTE
    ../clib/signal.c                         0x00000000   Number         0  __raise.o ABSOLUTE
    ../clib/signal.s                         0x00000000   Number         0  defsig.o ABSOLUTE
    ../clib/stdlib.c                         0x00000000   Number         0  exit.o ABSOLUTE
    ../fplib/fpinit.s                        0x00000000   Number         0  fpinit.o ABSOLUTE
    ..\..\..\Downloads\LCD\LCD_4bit.c        0x00000000   Number         0  lcd_4bit.o ABSOLUTE
    LPC2300.s                                0x00000000   Number         0  lpc2300.o ABSOLUTE
    MCB2300 evaluationboard.c                0x00000000   Number         0  mcb2300 evaluationboard.o ABSOLUTE
    dc.s                                     0x00000000   Number         0  dc.o ABSOLUTE
    main.c                                   0x00000000   Number         0  main.o ABSOLUTE
    Undef_Handler                            0x00000040   ARM Code       4  lpc2300.o(RESET)
    SWI_Handler                              0x00000044   ARM Code       4  lpc2300.o(RESET)
    PAbt_Handler                             0x00000048   ARM Code       4  lpc2300.o(RESET)
    DAbt_Handler                             0x0000004c   ARM Code       4  lpc2300.o(RESET)
    IRQ_Handler                              0x00000050   ARM Code       4  lpc2300.o(RESET)
    FIQ_Handler                              0x00000054   ARM Code       4  lpc2300.o(RESET)
    !!!main                                  0x00000234   Section        8  __main.o(!!!main)
    !!!scatter                               0x0000023c   Section       60  __scatter.o(!!!scatter)
    !!handler_copy                           0x00000278   Section       40  __scatter_copy.o(!!handler_copy)
    !!handler_zi                             0x000002a0   Section       44  __scatter_zi.o(!!handler_zi)
    .ARM.Collect$$_printf_percent$$00000000  0x000002d0   Section        0  _printf_percent.o(.ARM.Collect$$_printf_percent$$00000000)
    .ARM.Collect$$_printf_percent$$00000009  0x000002d0   Section        8  _printf_d.o(.ARM.Collect$$_printf_percent$$00000009)
    .ARM.Collect$$_printf_percent$$00000017  0x000002d8   Section        8  _printf_percent_end.o(.ARM.Collect$$_printf_percent$$00000017)
    .ARM.Collect$$libinit$$00000000          0x000002e8   Section        2  libinit.o(.ARM.Collect$$libinit$$00000000)
    .ARM.Collect$$libinit$$00000002          0x000002ea   Section        0  libinit2.o(.ARM.Collect$$libinit$$00000002)
    .ARM.Collect$$libinit$$00000004          0x000002ea   Section        0  libinit2.o(.ARM.Collect$$libinit$$00000004)
    .ARM.Collect$$libinit$$0000000A          0x000002ea   Section        0  libinit2.o(.ARM.Collect$$libinit$$0000000A)
    .ARM.Collect$$libinit$$0000000C          0x000002ea   Section        0  libinit2.o(.ARM.Collect$$libinit$$0000000C)
    .ARM.Collect$$libinit$$0000000E          0x000002ea   Section        0  libinit2.o(.ARM.Collect$$libinit$$0000000E)
    .ARM.Collect$$libinit$$00000011          0x000002ea   Section        0  libinit2.o(.ARM.Collect$$libinit$$00000011)
    .ARM.Collect$$libinit$$00000013          0x000002ea   Section        0  libinit2.o(.ARM.Collect$$libinit$$00000013)
    .ARM.Collect$$libinit$$00000015          0x000002ea   Section        0  libinit2.o(.ARM.Collect$$libinit$$00000015)
    .ARM.Collect$$libinit$$00000017          0x000002ea   Section        0  libinit2.o(.ARM.Collect$$libinit$$00000017)
    .ARM.Collect$$libinit$$00000019          0x000002ea   Section        0  libinit2.o(.ARM.Collect$$libinit$$00000019)
    .ARM.Collect$$libinit$$0000001B          0x000002ea   Section        0  libinit2.o(.ARM.Collect$$libinit$$0000001B)
    .ARM.Collect$$libinit$$0000001D          0x000002ea   Section        0  libinit2.o(.ARM.Collect$$libinit$$0000001D)
    .ARM.Collect$$libinit$$0000001F          0x000002ea   Section        0  libinit2.o(.ARM.Collect$$libinit$$0000001F)
    .ARM.Collect$$libinit$$00000021          0x000002ea   Section        0  libinit2.o(.ARM.Collect$$libinit$$00000021)
    .ARM.Collect$$libinit$$00000023          0x000002ea   Section        0  libinit2.o(.ARM.Collect$$libinit$$00000023)
    .ARM.Collect$$libinit$$00000025          0x000002ea   Section        0  libinit2.o(.ARM.Collect$$libinit$$00000025)
    .ARM.Collect$$libinit$$0000002C          0x000002ea   Section        0  libinit2.o(.ARM.Collect$$libinit$$0000002C)
    .ARM.Collect$$libinit$$0000002E          0x000002ea   Section        0  libinit2.o(.ARM.Collect$$libinit$$0000002E)
    .ARM.Collect$$libinit$$00000030          0x000002ea   Section        0  libinit2.o(.ARM.Collect$$libinit$$00000030)
    .ARM.Collect$$libinit$$00000032          0x000002ea   Section        0  libinit2.o(.ARM.Collect$$libinit$$00000032)
    .ARM.Collect$$libinit$$00000033          0x000002ea   Section       12  libinit2.o(.ARM.Collect$$libinit$$00000033)
    .ARM.Collect$$libshutdown$$00000000      0x00000300   Section        4  libshutdown.o(.ARM.Collect$$libshutdown$$00000000)
    .ARM.Collect$$libshutdown$$00000003      0x00000304   Section        0  libshutdown2.o(.ARM.Collect$$libshutdown$$00000003)
    .ARM.Collect$$libshutdown$$00000006      0x00000304   Section        0  libshutdown2.o(.ARM.Collect$$libshutdown$$00000006)
    .ARM.Collect$$libshutdown$$00000009      0x00000304   Section        0  libshutdown2.o(.ARM.Collect$$libshutdown$$00000009)
    .ARM.Collect$$libshutdown$$0000000B      0x00000304   Section        0  libshutdown2.o(.ARM.Collect$$libshutdown$$0000000B)
    .ARM.Collect$$libshutdown$$0000000E      0x00000304   Section        0  libshutdown2.o(.ARM.Collect$$libshutdown$$0000000E)
    .ARM.Collect$$libshutdown$$0000000F      0x00000304   Section        6  libshutdown2.o(.ARM.Collect$$libshutdown$$0000000F)
    .ARM.Collect$$rtentry$$00000000          0x0000030c   Section        0  __rtentry.o(.ARM.Collect$$rtentry$$00000000)
    .ARM.Collect$$rtentry$$00000002          0x0000030c   Section        0  __rtentry2.o(.ARM.Collect$$rtentry$$00000002)
    .ARM.Collect$$rtentry$$00000004          0x0000030c   Section        8  __rtentry4.o(.ARM.Collect$$rtentry$$00000004)
    .ARM.Collect$$rtentry$$00000009          0x00000314   Section        0  __rtentry2.o(.ARM.Collect$$rtentry$$00000009)
    .ARM.Collect$$rtentry$$0000000A          0x00000314   Section        4  __rtentry2.o(.ARM.Collect$$rtentry$$0000000A)
    .ARM.Collect$$rtentry$$0000000C          0x00000318   Section        0  __rtentry2.o(.ARM.Collect$$rtentry$$0000000C)
    .ARM.Collect$$rtentry$$0000000D          0x00000318   Section       40  __rtentry2.o(.ARM.Collect$$rtentry$$0000000D)
    .ARM.Collect$$rtexit$$00000000           0x00000344   Section        4  rtexit.o(.ARM.Collect$$rtexit$$00000000)
    .ARM.Collect$$rtexit$$00000002           0x00000348   Section        0  rtexit2.o(.ARM.Collect$$rtexit$$00000002)
    .ARM.Collect$$rtexit$$00000003           0x00000348   Section        4  rtexit2.o(.ARM.Collect$$rtexit$$00000003)
    .ARM.Collect$$rtexit$$00000004           0x0000034c   Section        8  rtexit2.o(.ARM.Collect$$rtexit$$00000004)
    .text                                    0x00000354   Section       32  lpc2300.o(.text)
    .text                                    0x0000037c   Section        0  noretval__2sprintf.o(.text)
    .text                                    0x000003a4   Section        0  _printf_pad.o(.text)
    .text                                    0x00000404   Section        0  _printf_dec.o(.text)
    .text                                    0x00000474   Section        0  __printf_flags_wp.o(.text)
    .text                                    0x000005bc   Section        0  heapauxi.o(.text)
    .text                                    0x000005c2   Section        0  _printf_intcommon.o(.text)
    .text                                    0x0000067c   Section        0  _printf_char_common.o(.text)
    _printf_input_char                       0x0000067d   Thumb Code    10  _printf_char_common.o(.text)
    .text                                    0x000006ac   Section        0  _sputc.o(.text)
    .text                                    0x000006bc   Section       44  rtudiv10.o(.text)
    .text                                    0x000006e8   Section       96  sys_stackheap_outer.o(.text)
    .text                                    0x00000748   Section        0  exit.o(.text)
    .text                                    0x00000754   Section       12  libspace.o(.text)
    .text                                    0x00000768   Section        0  sys_exit.o(.text)
    .text                                    0x00000774   Section        4  use_no_semi.o(.text)
    .text                                    0x00000778   Section        0  indicate_semi.o(.text)
    i.T0_ISR                                 0x00000778   Section        0  main.o(i.T0_ISR)
    i.__ARM_common_call_via_r1               0x000007b8   Section        0  __printf.o(i.__ARM_common_call_via_r1)
    i.__ARM_common_call_via_r2               0x000007ba   Section        0  __printf.o(i.__ARM_common_call_via_r2)
    i._is_digit                              0x000007bc   Section        0  __printf_wp.o(i._is_digit)
    i.delay                                  0x000007cc   Section        0  lcd_4bit.o(i.delay)
    delay                                    0x000007cc   ARM Code      24  lcd_4bit.o(i.delay)
    i.initEvaluationBoard                    0x000007e4   Section        0  mcb2300 evaluationboard.o(i.initEvaluationBoard)
    i.init_T0                                0x00000830   Section        0  main.o(i.init_T0)
    i.lcd_clear                              0x00000878   Section        0  lcd_4bit.o(i.lcd_clear)
    i.lcd_init                               0x00000898   Section        0  lcd_4bit.o(i.lcd_init)
    i.lcd_print                              0x00000974   Section        0  lcd_4bit.o(i.lcd_print)
    i.lcd_putchar                            0x0000099c   Section        0  lcd_4bit.o(i.lcd_putchar)
    i.lcd_read_status                        0x000009d0   Section        0  lcd_4bit.o(i.lcd_read_status)
    lcd_read_status                          0x000009d0   ARM Code     188  lcd_4bit.o(i.lcd_read_status)
    i.lcd_write_4bit                         0x00000a90   Section        0  lcd_4bit.o(i.lcd_write_4bit)
    i.lcd_write_cmd                          0x00000ae8   Section        0  lcd_4bit.o(i.lcd_write_cmd)
    i.main                                   0x00000b1c   Section        0  main.o(i.main)
    i.set_cursor                             0x00000b30   Section        0  lcd_4bit.o(i.set_cursor)
    i.update_currentT                        0x00000b64   Section        0  main.o(i.update_currentT)
    i.wait_while_busy                        0x00000c54   Section        0  lcd_4bit.o(i.wait_while_busy)
    wait_while_busy                          0x00000c54   ARM Code      32  lcd_4bit.o(i.wait_while_busy)
    .constdata                               0x00000c74   Section       64  lcd_4bit.o(.constdata)
    .constdata                               0x00000cb4   Section       17  __printf_flags_wp.o(.constdata)
    maptable                                 0x00000cb4   Data          17  __printf_flags_wp.o(.constdata)
    .data                                    0x40000000   Section        6  main.o(.data)
    .bss                                     0x40000008   Section       17  main.o(.bss)
    .bss                                     0x4000001c   Section       96  libspace.o(.bss)
    HEAP                                     0x40000080   Section        0  lpc2300.o(HEAP)
    STACK                                    0x40000080   Section     1288  lpc2300.o(STACK)
    Heap_Mem                                 0x40000080   Data           0  lpc2300.o(HEAP)
    Stack_Mem                                0x40000080   Data        1024  lpc2300.o(STACK)
    Stack_Top                                0x40000588   Data           0  lpc2300.o(STACK)

    Global Symbols

    Symbol Name                              Value     Ov Type        Size  Object(Section)

    BuildAttributes$$THM_ISAv1$ARM_ISAv4$S$PE$A:L22$X:L11$S22$IEEE1$IW$USESV6$~STKCKD$USESV7$~SHL$OSPACE$ROPI$EBA8$UX$STANDARDLIB$REQ8$PRES8$EABIv2 0x00000000   Number         0  anon$$obj.o ABSOLUTE
    __ARM_use_no_argv                        0x00000000   Number         0  main.o ABSOLUTE
    _printf_flags                            0x00000000   Number         0  printf_stubs.o ABSOLUTE
    _printf_return_value                     0x00000000   Number         0  printf_stubs.o ABSOLUTE
    _printf_sizespec                         0x00000000   Number         0  printf_stubs.o ABSOLUTE
    _printf_widthprec                        0x00000000   Number         0  printf_stubs.o ABSOLUTE
    __ARM_exceptions_init                     - Undefined Weak Reference
    __alloca_initialize                       - Undefined Weak Reference
    __arm_preinit_                            - Undefined Weak Reference
    __cpp_initialize__aeabi_                  - Undefined Weak Reference
    __cxa_finalize                            - Undefined Weak Reference
    __rt_locale                               - Undefined Weak Reference
    __sigvec_lookup                           - Undefined Weak Reference
    _atexit_init                              - Undefined Weak Reference
    _call_atexit_fns                          - Undefined Weak Reference
    _clock_init                               - Undefined Weak Reference
    _fp_trap_init                             - Undefined Weak Reference
    _fp_trap_shutdown                         - Undefined Weak Reference
    _get_lc_collate                           - Undefined Weak Reference
    _get_lc_ctype                             - Undefined Weak Reference
    _get_lc_monetary                          - Undefined Weak Reference
    _get_lc_numeric                           - Undefined Weak Reference
    _get_lc_time                              - Undefined Weak Reference
    _getenv_init                              - Undefined Weak Reference
    _handle_redirection                       - Undefined Weak Reference
    _init_alloc                               - Undefined Weak Reference
    _init_user_alloc                          - Undefined Weak Reference
    _initio                                   - Undefined Weak Reference
    _printf_truncate_signed                   - Undefined Weak Reference
    _printf_truncate_unsigned                 - Undefined Weak Reference
    _rand_init                                - Undefined Weak Reference
    _signal_finish                            - Undefined Weak Reference
    _signal_init                              - Undefined Weak Reference
    _terminate_alloc                          - Undefined Weak Reference
    _terminate_user_alloc                     - Undefined Weak Reference
    _terminateio                              - Undefined Weak Reference
    Reset_Handler                            0x00000058   ARM Code       0  lpc2300.o(RESET)
    __main                                   0x00000234   ARM Code       8  __main.o(!!!main)
    __scatterload                            0x0000023c   ARM Code       0  __scatter.o(!!!scatter)
    __scatterload_rt2                        0x0000023c   ARM Code      52  __scatter.o(!!!scatter)
    __scatterload_null                       0x00000250   ARM Code       0  __scatter.o(!!!scatter)
    __scatterload_copy                       0x00000278   ARM Code      40  __scatter_copy.o(!!handler_copy)
    __scatterload_zeroinit                   0x000002a0   ARM Code      44  __scatter_zi.o(!!handler_zi)
    Inline Thumb to ARM Veneer to _printf_percent 0x000002cd   Thumb Code     4  _printf_percent.o(.ARM.Collect$$_printf_percent$$00000000)
    _printf_d                                0x000002d0   ARM Code       0  _printf_d.o(.ARM.Collect$$_printf_percent$$00000009)
    _printf_percent                          0x000002d0   ARM Code       0  _printf_percent.o(.ARM.Collect$$_printf_percent$$00000000)
    _printf_percent_end                      0x000002d8   ARM Code       0  _printf_percent_end.o(.ARM.Collect$$_printf_percent$$00000017)
    Inline ARM to Thumb Veneer to __rt_lib_init 0x000002e0   ARM Code       8  libinit.o(.ARM.Collect$$libinit$$00000000)
    __rt_lib_init                            0x000002e9   Thumb Code     0  libinit.o(.ARM.Collect$$libinit$$00000000)
    __rt_lib_init_alloca_1                   0x000002eb   Thumb Code     0  libinit2.o(.ARM.Collect$$libinit$$0000002E)
    __rt_lib_init_argv_1                     0x000002eb   Thumb Code     0  libinit2.o(.ARM.Collect$$libinit$$0000002C)
    __rt_lib_init_atexit_1                   0x000002eb   Thumb Code     0  libinit2.o(.ARM.Collect$$libinit$$0000001B)
    __rt_lib_init_clock_1                    0x000002eb   Thumb Code     0  libinit2.o(.ARM.Collect$$libinit$$00000021)
    __rt_lib_init_cpp_1                      0x000002eb   Thumb Code     0  libinit2.o(.ARM.Collect$$libinit$$00000032)
    __rt_lib_init_exceptions_1               0x000002eb   Thumb Code     0  libinit2.o(.ARM.Collect$$libinit$$00000030)
    __rt_lib_init_fp_1                       0x000002eb   Thumb Code     0  libinit2.o(.ARM.Collect$$libinit$$00000002)
    __rt_lib_init_fp_trap_1                  0x000002eb   Thumb Code     0  libinit2.o(.ARM.Collect$$libinit$$0000001F)
    __rt_lib_init_getenv_1                   0x000002eb   Thumb Code     0  libinit2.o(.ARM.Collect$$libinit$$00000023)
    __rt_lib_init_heap_1                     0x000002eb   Thumb Code     0  libinit2.o(.ARM.Collect$$libinit$$0000000A)
    __rt_lib_init_lc_collate_1               0x000002eb   Thumb Code     0  libinit2.o(.ARM.Collect$$libinit$$00000011)
    __rt_lib_init_lc_ctype_1                 0x000002eb   Thumb Code     0  libinit2.o(.ARM.Collect$$libinit$$00000013)
    __rt_lib_init_lc_monetary_1              0x000002eb   Thumb Code     0  libinit2.o(.ARM.Collect$$libinit$$00000015)
    __rt_lib_init_lc_numeric_1               0x000002eb   Thumb Code     0  libinit2.o(.ARM.Collect$$libinit$$00000017)
    __rt_lib_init_lc_time_1                  0x000002eb   Thumb Code     0  libinit2.o(.ARM.Collect$$libinit$$00000019)
    __rt_lib_init_preinit_1                  0x000002eb   Thumb Code     0  libinit2.o(.ARM.Collect$$libinit$$00000004)
    __rt_lib_init_rand_1                     0x000002eb   Thumb Code     0  libinit2.o(.ARM.Collect$$libinit$$0000000E)
    __rt_lib_init_return                     0x000002eb   Thumb Code     0  libinit2.o(.ARM.Collect$$libinit$$00000033)
    __rt_lib_init_signal_1                   0x000002eb   Thumb Code     0  libinit2.o(.ARM.Collect$$libinit$$0000001D)
    __rt_lib_init_stdio_1                    0x000002eb   Thumb Code     0  libinit2.o(.ARM.Collect$$libinit$$00000025)
    __rt_lib_init_user_alloc_1               0x000002eb   Thumb Code     0  libinit2.o(.ARM.Collect$$libinit$$0000000C)
    Inline ARM to Thumb Veneer to __rt_lib_shutdown 0x000002f8   ARM Code       8  libshutdown.o(.ARM.Collect$$libshutdown$$00000000)
    __rt_lib_shutdown                        0x00000301   Thumb Code     0  libshutdown.o(.ARM.Collect$$libshutdown$$00000000)
    __rt_lib_shutdown_fp_trap_1              0x00000305   Thumb Code     0  libshutdown2.o(.ARM.Collect$$libshutdown$$00000006)
    __rt_lib_shutdown_heap_1                 0x00000305   Thumb Code     0  libshutdown2.o(.ARM.Collect$$libshutdown$$0000000E)
    __rt_lib_shutdown_return                 0x00000305   Thumb Code     0  libshutdown2.o(.ARM.Collect$$libshutdown$$0000000F)
    __rt_lib_shutdown_signal_1               0x00000305   Thumb Code     0  libshutdown2.o(.ARM.Collect$$libshutdown$$00000009)
    __rt_lib_shutdown_stdio_1                0x00000305   Thumb Code     0  libshutdown2.o(.ARM.Collect$$libshutdown$$00000003)
    __rt_lib_shutdown_user_alloc_1           0x00000305   Thumb Code     0  libshutdown2.o(.ARM.Collect$$libshutdown$$0000000B)
    __rt_entry                               0x0000030c   ARM Code       0  __rtentry.o(.ARM.Collect$$rtentry$$00000000)
    __rt_entry_presh_1                       0x0000030c   ARM Code       0  __rtentry2.o(.ARM.Collect$$rtentry$$00000002)
    __rt_entry_sh                            0x0000030c   ARM Code       0  __rtentry4.o(.ARM.Collect$$rtentry$$00000004)
    __rt_entry_li                            0x00000314   ARM Code       0  __rtentry2.o(.ARM.Collect$$rtentry$$0000000A)
    __rt_entry_postsh_1                      0x00000314   ARM Code       0  __rtentry2.o(.ARM.Collect$$rtentry$$00000009)
    __rt_entry_main                          0x00000318   ARM Code       0  __rtentry2.o(.ARM.Collect$$rtentry$$0000000D)
    __rt_entry_postli_1                      0x00000318   ARM Code       0  __rtentry2.o(.ARM.Collect$$rtentry$$0000000C)
    Inline Thumb to ARM Veneer to __rt_exit  0x00000341   Thumb Code     4  rtexit.o(.ARM.Collect$$rtexit$$00000000)
    __rt_exit                                0x00000344   ARM Code       0  rtexit.o(.ARM.Collect$$rtexit$$00000000)
    __rt_exit_ls                             0x00000348   ARM Code       0  rtexit2.o(.ARM.Collect$$rtexit$$00000003)
    __rt_exit_prels_1                        0x00000348   ARM Code       0  rtexit2.o(.ARM.Collect$$rtexit$$00000002)
    __rt_exit_exit                           0x0000034c   ARM Code       0  rtexit2.o(.ARM.Collect$$rtexit$$00000004)
    __user_initial_stackheap                 0x00000354   ARM Code       0  lpc2300.o(.text)
    Inline ARM to Thumb Veneer to __2sprintf 0x00000374   ARM Code       8  noretval__2sprintf.o(.text)
    __2sprintf                               0x0000037d   Thumb Code    36  noretval__2sprintf.o(.text)
    _printf_pre_padding                      0x000003a5   Thumb Code    50  _printf_pad.o(.text)
    _printf_post_padding                     0x000003d7   Thumb Code    36  _printf_pad.o(.text)
    Inline ARM to Thumb Veneer to _printf_int_dec 0x000003fc   ARM Code       8  _printf_dec.o(.text)
    _printf_int_dec                          0x00000405   Thumb Code    94  _printf_dec.o(.text)
    __printf                                 0x00000475   Thumb Code   322  __printf_flags_wp.o(.text)
    __use_two_region_memory                  0x000005bd   Thumb Code     2  heapauxi.o(.text)
    __rt_heap_escrow$2region                 0x000005bf   Thumb Code     2  heapauxi.o(.text)
    __rt_heap_expand$2region                 0x000005c1   Thumb Code     2  heapauxi.o(.text)
    _printf_int_common                       0x000005c3   Thumb Code   186  _printf_intcommon.o(.text)
    _printf_char_common                      0x00000687   Thumb Code    34  _printf_char_common.o(.text)
    _sputc                                   0x000006ad   Thumb Code    10  _sputc.o(.text)
    Inline Thumb to ARM Veneer to __rt_udiv10 0x000006b9   Thumb Code     4  rtudiv10.o(.text)
    __rt_udiv10                              0x000006bc   ARM Code      44  rtudiv10.o(.text)
    __user_setup_stackheap                   0x000006e8   ARM Code      96  sys_stackheap_outer.o(.text)
    exit                                     0x00000749   Thumb Code    12  exit.o(.text)
    __user_libspace                          0x00000754   ARM Code      12  libspace.o(.text)
    __user_perproc_libspace                  0x00000754   ARM Code       0  libspace.o(.text)
    __user_perthread_libspace                0x00000754   ARM Code       0  libspace.o(.text)
    Inline ARM to Thumb Veneer to _sys_exit  0x00000760   ARM Code       8  sys_exit.o(.text)
    _sys_exit                                0x00000769   Thumb Code     8  sys_exit.o(.text)
    __I$use$semihosting                      0x00000774   ARM Code       0  use_no_semi.o(.text)
    __use_no_semihosting_swi                 0x00000774   ARM Code       4  use_no_semi.o(.text)
    T0_ISR                                   0x00000778   ARM Code      56  main.o(i.T0_ISR)
    __semihosting_library_function           0x00000778   ARM Code       0  indicate_semi.o(.text)
    __ARM_common_call_via_r1                 0x000007b9   Thumb Code     2  __printf.o(i.__ARM_common_call_via_r1)
    __ARM_common_call_via_r2                 0x000007bb   Thumb Code     2  __printf.o(i.__ARM_common_call_via_r2)
    _is_digit                                0x000007bd   Thumb Code    14  __printf_wp.o(i._is_digit)
    initEvaluationBoard                      0x000007e4   ARM Code      64  mcb2300 evaluationboard.o(i.initEvaluationBoard)
    init_T0                                  0x00000830   ARM Code      60  main.o(i.init_T0)
    lcd_clear                                0x00000878   ARM Code      32  lcd_4bit.o(i.lcd_clear)
    lcd_init                                 0x00000898   ARM Code     200  lcd_4bit.o(i.lcd_init)
    lcd_print                                0x00000974   ARM Code      40  lcd_4bit.o(i.lcd_print)
    lcd_putchar                              0x0000099c   ARM Code      48  lcd_4bit.o(i.lcd_putchar)
    lcd_write_4bit                           0x00000a90   ARM Code      84  lcd_4bit.o(i.lcd_write_4bit)
    lcd_write_cmd                            0x00000ae8   ARM Code      48  lcd_4bit.o(i.lcd_write_cmd)
    main                                     0x00000b1c   ARM Code      20  main.o(i.main)
    set_cursor                               0x00000b30   ARM Code      52  lcd_4bit.o(i.set_cursor)
    update_currentT                          0x00000b64   ARM Code     212  main.o(i.update_currentT)
    UserFont                                 0x00000c74   Data          64  lcd_4bit.o(.constdata)
    Region$$Table$$Base                      0x00000cc8   Number         0  anon$$obj.o(Region$$Table)
    Region$$Table$$Limit                     0x00000ce8   Number         0  anon$$obj.o(Region$$Table)
    current                                  0x40000000   Data           6  main.o(.data)
    textbuf                                  0x40000008   Data          17  main.o(.bss)
    __libspace_start                         0x4000001c   Data          96  libspace.o(.bss)
    __temporary_stack_top$libspace           0x4000007c   Data           0  libspace.o(.bss)



==============================================================================

Memory Map of the image

  Image Entry point : 0x00000234

  Load Region LR_IROM1 (Base: 0x00000000, Size: 0x00000cf0, Max: 0x00080000, ABSOLUTE)

    Execution Region ER_IROM1 (Base: 0x00000000, Size: 0x00000ce8, Max: 0x00080000, ABSOLUTE)

    Base Addr    Size         Type   Attr      Idx    E Section Name        Object

    0x00000000   0x00000234   Code   RO            3    RESET               lpc2300.o
    0x00000234   0x00000008   Code   RO          177  * !!!main             c_t.l(__main.o)
    0x0000023c   0x0000003c   Code   RO          348    !!!scatter          c_t.l(__scatter.o)
    0x00000278   0x00000028   Code   RO          350    !!handler_copy      c_t.l(__scatter_copy.o)
    0x000002a0   0x0000002c   Code   RO          352    !!handler_zi        c_t.l(__scatter_zi.o)
    0x000002cc   0x00000004   Ven    RO          174    .ARM.Collect$$_printf_percent$$00000000  c_t.l(_printf_percent.o)
    0x000002d0   0x00000000   Code   RO          174    .ARM.Collect$$_printf_percent$$00000000  c_t.l(_printf_percent.o)
    0x000002d0   0x00000008   Code   RO          173    .ARM.Collect$$_printf_percent$$00000009  c_t.l(_printf_d.o)
    0x000002d8   0x00000008   Code   RO          186    .ARM.Collect$$_printf_percent$$00000017  c_t.l(_printf_percent_end.o)
    0x000002e0   0x00000008   Ven    RO          219    .ARM.Collect$$libinit$$00000000  c_t.l(libinit.o)
    0x000002e8   0x00000002   Code   RO          219    .ARM.Collect$$libinit$$00000000  c_t.l(libinit.o)
    0x000002ea   0x00000000   Code   RO          226    .ARM.Collect$$libinit$$00000002  c_t.l(libinit2.o)
    0x000002ea   0x00000000   Code   RO          228    .ARM.Collect$$libinit$$00000004  c_t.l(libinit2.o)
    0x000002ea   0x00000000   Code   RO          231    .ARM.Collect$$libinit$$0000000A  c_t.l(libinit2.o)
    0x000002ea   0x00000000   Code   RO          233    .ARM.Collect$$libinit$$0000000C  c_t.l(libinit2.o)
    0x000002ea   0x00000000   Code   RO          235    .ARM.Collect$$libinit$$0000000E  c_t.l(libinit2.o)
    0x000002ea   0x00000000   Code   RO          238    .ARM.Collect$$libinit$$00000011  c_t.l(libinit2.o)
    0x000002ea   0x00000000   Code   RO          240    .ARM.Collect$$libinit$$00000013  c_t.l(libinit2.o)
    0x000002ea   0x00000000   Code   RO          242    .ARM.Collect$$libinit$$00000015  c_t.l(libinit2.o)
    0x000002ea   0x00000000   Code   RO          244    .ARM.Collect$$libinit$$00000017  c_t.l(libinit2.o)
    0x000002ea   0x00000000   Code   RO          246    .ARM.Collect$$libinit$$00000019  c_t.l(libinit2.o)
    0x000002ea   0x00000000   Code   RO          248    .ARM.Collect$$libinit$$0000001B  c_t.l(libinit2.o)
    0x000002ea   0x00000000   Code   RO          250    .ARM.Collect$$libinit$$0000001D  c_t.l(libinit2.o)
    0x000002ea   0x00000000   Code   RO          252    .ARM.Collect$$libinit$$0000001F  c_t.l(libinit2.o)
    0x000002ea   0x00000000   Code   RO          254    .ARM.Collect$$libinit$$00000021  c_t.l(libinit2.o)
    0x000002ea   0x00000000   Code   RO          256    .ARM.Collect$$libinit$$00000023  c_t.l(libinit2.o)
    0x000002ea   0x00000000   Code   RO          258    .ARM.Collect$$libinit$$00000025  c_t.l(libinit2.o)
    0x000002ea   0x00000000   Code   RO          262    .ARM.Collect$$libinit$$0000002C  c_t.l(libinit2.o)
    0x000002ea   0x00000000   Code   RO          264    .ARM.Collect$$libinit$$0000002E  c_t.l(libinit2.o)
    0x000002ea   0x00000000   Code   RO          266    .ARM.Collect$$libinit$$00000030  c_t.l(libinit2.o)
    0x000002ea   0x00000000   Code   RO          268    .ARM.Collect$$libinit$$00000032  c_t.l(libinit2.o)
    0x000002ea   0x0000000c   Code   RO          269    .ARM.Collect$$libinit$$00000033  c_t.l(libinit2.o)
    0x000002f6   0x00000002   PAD
    0x000002f8   0x00000008   Ven    RO          289    .ARM.Collect$$libshutdown$$00000000  c_t.l(libshutdown.o)
    0x00000300   0x00000004   Code   RO          289    .ARM.Collect$$libshutdown$$00000000  c_t.l(libshutdown.o)
    0x00000304   0x00000000   Code   RO          303    .ARM.Collect$$libshutdown$$00000003  c_t.l(libshutdown2.o)
    0x00000304   0x00000000   Code   RO          306    .ARM.Collect$$libshutdown$$00000006  c_t.l(libshutdown2.o)
    0x00000304   0x00000000   Code   RO          309    .ARM.Collect$$libshutdown$$00000009  c_t.l(libshutdown2.o)
    0x00000304   0x00000000   Code   RO          311    .ARM.Collect$$libshutdown$$0000000B  c_t.l(libshutdown2.o)
    0x00000304   0x00000000   Code   RO          314    .ARM.Collect$$libshutdown$$0000000E  c_t.l(libshutdown2.o)
    0x00000304   0x00000006   Code   RO          315    .ARM.Collect$$libshutdown$$0000000F  c_t.l(libshutdown2.o)
    0x0000030a   0x00000002   PAD
    0x0000030c   0x00000000   Code   RO          179    .ARM.Collect$$rtentry$$00000000  c_t.l(__rtentry.o)
    0x0000030c   0x00000000   Code   RO          190    .ARM.Collect$$rtentry$$00000002  c_t.l(__rtentry2.o)
    0x0000030c   0x00000008   Code   RO          202    .ARM.Collect$$rtentry$$00000004  c_t.l(__rtentry4.o)
    0x00000314   0x00000000   Code   RO          192    .ARM.Collect$$rtentry$$00000009  c_t.l(__rtentry2.o)
    0x00000314   0x00000004   Code   RO          193    .ARM.Collect$$rtentry$$0000000A  c_t.l(__rtentry2.o)
    0x00000318   0x00000000   Code   RO          195    .ARM.Collect$$rtentry$$0000000C  c_t.l(__rtentry2.o)
    0x00000318   0x00000028   Code   RO          196    .ARM.Collect$$rtentry$$0000000D  c_t.l(__rtentry2.o)
    0x00000340   0x00000004   Ven    RO          223    .ARM.Collect$$rtexit$$00000000  c_t.l(rtexit.o)
    0x00000344   0x00000004   Code   RO          223    .ARM.Collect$$rtexit$$00000000  c_t.l(rtexit.o)
    0x00000348   0x00000000   Code   RO          271    .ARM.Collect$$rtexit$$00000002  c_t.l(rtexit2.o)
    0x00000348   0x00000004   Code   RO          272    .ARM.Collect$$rtexit$$00000003  c_t.l(rtexit2.o)
    0x0000034c   0x00000008   Code   RO          273    .ARM.Collect$$rtexit$$00000004  c_t.l(rtexit2.o)
    0x00000354   0x00000020   Code   RO            4    .text               lpc2300.o
    0x00000374   0x00000008   Ven    RO          141    .text               c_t.l(noretval__2sprintf.o)
    0x0000037c   0x00000028   Code   RO          141    .text               c_t.l(noretval__2sprintf.o)
    0x000003a4   0x00000056   Code   RO          149    .text               c_t.l(_printf_pad.o)
    0x000003fa   0x00000002   PAD
    0x000003fc   0x00000008   Ven    RO          151    .text               c_t.l(_printf_dec.o)
    0x00000404   0x00000070   Code   RO          151    .text               c_t.l(_printf_dec.o)
    0x00000474   0x00000148   Code   RO          165    .text               c_t.l(__printf_flags_wp.o)
    0x000005bc   0x00000006   Code   RO          175    .text               c_t.l(heapauxi.o)
    0x000005c2   0x000000ba   Code   RO          180    .text               c_t.l(_printf_intcommon.o)
    0x0000067c   0x00000030   Code   RO          182    .text               c_t.l(_printf_char_common.o)
    0x000006ac   0x0000000a   Code   RO          184    .text               c_t.l(_sputc.o)
    0x000006b6   0x00000002   PAD
    0x000006b8   0x00000004   Ven    RO          187    .text               c_t.l(rtudiv10.o)
    0x000006bc   0x0000002c   Code   RO          187    .text               c_t.l(rtudiv10.o)
    0x000006e8   0x00000060   Code   RO          210    .text               c_t.l(sys_stackheap_outer.o)
    0x00000748   0x0000000c   Code   RO          212    .text               c_t.l(exit.o)
    0x00000754   0x0000000c   Code   RO          220    .text               c_t.l(libspace.o)
    0x00000760   0x00000008   Ven    RO          281    .text               c_t.l(sys_exit.o)
    0x00000768   0x0000000c   Code   RO          281    .text               c_t.l(sys_exit.o)
    0x00000774   0x00000004   Code   RO          292    .text               c_t.l(use_no_semi.o)
    0x00000778   0x00000000   Code   RO          294    .text               c_t.l(indicate_semi.o)
    0x00000778   0x00000040   Code   RO           30    i.T0_ISR            main.o
    0x000007b8   0x00000002   Code   RO          147    i.__ARM_common_call_via_r1  c_t.l(__printf.o)
    0x000007ba   0x00000002   Code   RO          145    i.__ARM_common_call_via_r2  c_t.l(__printf.o)
    0x000007bc   0x0000000e   Code   RO          163    i._is_digit         c_t.l(__printf_wp.o)
    0x000007ca   0x00000002   PAD
    0x000007cc   0x00000018   Code   RO           71    i.delay             lcd_4bit.o
    0x000007e4   0x0000004c   Code   RO           11    i.initEvaluationBoard  mcb2300 evaluationboard.o
    0x00000830   0x00000048   Code   RO           31    i.init_T0           main.o
    0x00000878   0x00000020   Code   RO           72    i.lcd_clear         lcd_4bit.o
    0x00000898   0x000000dc   Code   RO           73    i.lcd_init          lcd_4bit.o
    0x00000974   0x00000028   Code   RO           74    i.lcd_print         lcd_4bit.o
    0x0000099c   0x00000034   Code   RO           75    i.lcd_putchar       lcd_4bit.o
    0x000009d0   0x000000c0   Code   RO           76    i.lcd_read_status   lcd_4bit.o
    0x00000a90   0x00000058   Code   RO           77    i.lcd_write_4bit    lcd_4bit.o
    0x00000ae8   0x00000034   Code   RO           78    i.lcd_write_cmd     lcd_4bit.o
    0x00000b1c   0x00000014   Code   RO           32    i.main              main.o
    0x00000b30   0x00000034   Code   RO           79    i.set_cursor        lcd_4bit.o
    0x00000b64   0x000000f0   Code   RO           33    i.update_currentT   main.o
    0x00000c54   0x00000020   Code   RO           80    i.wait_while_busy   lcd_4bit.o
    0x00000c74   0x00000040   Data   RO           81    .constdata          lcd_4bit.o
    0x00000cb4   0x00000011   Data   RO          166    .constdata          c_t.l(__printf_flags_wp.o)
    0x00000cc5   0x00000003   PAD
    0x00000cc8   0x00000020   Data   RO          346    Region$$Table       anon$$obj.o


    Execution Region RW_IRAM1 (Base: 0x40000000, Size: 0x00000588, Max: 0x00008000, ABSOLUTE)

    Base Addr    Size         Type   Attr      Idx    E Section Name        Object

    0x40000000   0x00000006   Data   RW           35    .data               main.o
    0x40000006   0x00000002   PAD
    0x40000008   0x00000011   Zero   RW           34    .bss                main.o
    0x40000019   0x00000003   PAD
    0x4000001c   0x00000060   Zero   RW          221    .bss                c_t.l(libspace.o)
    0x4000007c   0x00000004   PAD
    0x40000080   0x00000000   Zero   RW            2    HEAP                lpc2300.o
    0x40000080   0x00000508   Zero   RW            1    STACK               lpc2300.o


==============================================================================

Image component sizes


      Code (inc. data)   RO Data    RW Data    ZI Data      Debug   Object Name

       784         36         64          0          0       6282   lcd_4bit.o
       596         92          0          0       1288        604   lpc2300.o
       396         48          0          6         17       2242   main.o
        76         12          0          0          0       1906   mcb2300 evaluationboard.o

    ----------------------------------------------------------------------
      1852        188         96          8       1308      11034   Object Totals
         0          0         32          0          0          0   (incl. Generated)
         0          0          0          2          3          0   (incl. Padding)

    ----------------------------------------------------------------------

      Code (inc. data)   RO Data    RW Data    ZI Data      Debug   Library Member Name

         8          0          0          0          0         68   __main.o
         4          0          0          0          0        120   __printf.o
       328          6         17          0          0         92   __printf_flags_wp.o
        14          0          0          0          0         60   __printf_wp.o
         0          0          0          0          0          0   __rtentry.o
        44          4          0          0          0          0   __rtentry2.o
         8          0          0          0          0          0   __rtentry4.o
        60          8          0          0          0          0   __scatter.o
        40          0          0          0          0          0   __scatter_copy.o
        44          0          0          0          0          0   __scatter_zi.o
        48          4          0          0          0         96   _printf_char_common.o
         8          0          0          0          0          0   _printf_d.o
       120         18          0          0          0         88   _printf_dec.o
       186          0          0          0          0         96   _printf_intcommon.o
        86          0          0          0          0        116   _printf_pad.o
         4          0          0          0          0          0   _printf_percent.o
         8          0          0          0          0          0   _printf_percent_end.o
        10          0          0          0          0         60   _sputc.o
        12          0          0          0          0         64   exit.o
         6          0          0          0          0        136   heapauxi.o
         0          0          0          0          0          0   indicate_semi.o
        10          0          0          0          0          0   libinit.o
        12          0          0          0          0          0   libinit2.o
        12          0          0          0          0          0   libshutdown.o
         6          0          0          0          0          0   libshutdown2.o
        12          4          0          0         96         68   libspace.o
        48          4          0          0          0         84   noretval__2sprintf.o
         8          0          0          0          0          0   rtexit.o
        12          0          0          0          0          0   rtexit2.o
        48          0          0          0          0         68   rtudiv10.o
        20          4          0          0          0         60   sys_exit.o
        96          0          0          0          0         80   sys_stackheap_outer.o
         4          0          0          0          0         68   use_no_semi.o

    ----------------------------------------------------------------------
      1336         52         20          0        100       1424   Library Totals
        10          0          3          0          4          0   (incl. Padding)

    ----------------------------------------------------------------------

      Code (inc. data)   RO Data    RW Data    ZI Data      Debug   Library Name

      1326         52         17          0         96       1424   c_t.l

    ----------------------------------------------------------------------
      1336         52         20          0        100       1424   Library Totals

    ----------------------------------------------------------------------

==============================================================================


      Code (inc. data)   RO Data    RW Data    ZI Data      Debug   

      3188        240        116          8       1408      11302   Grand Totals
      3188        240        116          8       1408      11302   ELF Image Totals
      3188        240        116          8          0          0   ROM Totals

==============================================================================

    Total RO  Size (Code + RO Data)                 3304 (   3.23kB)
    Total RW  Size (RW Data + ZI Data)              1416 (   1.38kB)
    Total ROM Size (Code + RO Data + RW Data)       3312 (   3.23kB)

==============================================================================

